// Jest Snapshot v1, https://goo.gl/fbAQLP

exports[`App Snapshot secutiry should match with Snapshot 1`] = `ShallowWrapper {}`;
